MPLINK 5.09, LINKER
Linker Map File - Created Tue May 04 22:21:22 2021

                                 Section Info
                  Section       Type    Address   Location Size(Bytes)
                ---------  ---------  ---------  ---------  ---------
                 RES_VECT       code   0x000000    program   0x000002
                   .cinit    romdata   0x000001    program   0x000004
                MAIN_PROG       code   0x000003    program   0x000046
.config_2007_BUILD/DEFAULT/PRODUCTION/ZCD.O       code   0x002007    program   0x000002



                              Program Memory Usage 
                               Start         End      
                           ---------   ---------      
                            0x000000    0x000025      
                            0x002007    0x002007      
            39 out of 8454 program addresses used, program memory utilization is 0%



                              Symbols - Sorted by Name
                     Name    Address   Location    Storage File                     
                ---------  ---------  ---------  --------- ---------                
                ADC_PARSE   0x000018    program     static C:\Users\king2\ZCD.X\zcd.asm
                  DIGITAL   0x000020    program     static C:\Users\king2\ZCD.X\zcd.asm
                     LOOP   0x000014    program     static C:\Users\king2\ZCD.X\zcd.asm
                   PULLUP   0x000024    program     static C:\Users\king2\ZCD.X\zcd.asm
                    START   0x000003    program     static C:\Users\king2\ZCD.X\zcd.asm
                 TMRSTART   0x000012    program     static C:\Users\king2\ZCD.X\zcd.asm



                              Symbols - Sorted by Address
                     Name    Address   Location    Storage File                     
                ---------  ---------  ---------  --------- ---------                
                    START   0x000003    program     static C:\Users\king2\ZCD.X\zcd.asm
                 TMRSTART   0x000012    program     static C:\Users\king2\ZCD.X\zcd.asm
                     LOOP   0x000014    program     static C:\Users\king2\ZCD.X\zcd.asm
                ADC_PARSE   0x000018    program     static C:\Users\king2\ZCD.X\zcd.asm
                  DIGITAL   0x000020    program     static C:\Users\king2\ZCD.X\zcd.asm
                   PULLUP   0x000024    program     static C:\Users\king2\ZCD.X\zcd.asm


